
> quick@5.0.0 start
> react-scripts start

Browserslist: caniuse-lite is outdated. Please run:
  npx update-browserslist-db@latest
  Why you should do it regularly: https://github.com/browserslist/update-db#readme
(node:3117) [DEP_WEBPACK_DEV_SERVER_ON_AFTER_SETUP_MIDDLEWARE] DeprecationWarning: 'onAfterSetupMiddleware' option is deprecated. Please use the 'setupMiddlewares' option.
(Use `node --trace-deprecation ...` to show where the warning was created)
(node:3117) [DEP_WEBPACK_DEV_SERVER_ON_BEFORE_SETUP_MIDDLEWARE] DeprecationWarning: 'onBeforeSetupMiddleware' option is deprecated. Please use the 'setupMiddlewares' option.
Starting the development server...

[0;33mOne of your dependencies, babel-preset-react-app, is importing the
"@babel/plugin-proposal-private-property-in-object" package without
declaring it in its dependencies. This is currently working because
"@babel/plugin-proposal-private-property-in-object" is already in your
node_modules folder for unrelated reasons, but it [1mmay break at any time[0;33m.

babel-preset-react-app is part of the create-react-app project, [1mwhich
is not maintianed anymore[0;33m. It is thus unlikely that this bug will
ever be fixed. Add "@babel/plugin-proposal-private-property-in-object" to
your devDependencies to work around this error. This will make this message
go away.[0m

Compiled successfully!

You can now view quick in the browser.

  Local:            http://localhost:3000/quick
  On Your Network:  http://192.168.0.2:3000/quick

Note that the development build is not optimized.
To create a production build, use yarn build.

webpack compiled successfully
ERROR in src/components/hsl-color-picker.test.tsx:6:1
TS2582: Cannot find name 'describe'. Do you need to install type definitions for a test runner? Try `npm i --save-dev @types/jest` or `npm i --save-dev @types/mocha`.
    4 | import HslColorPicker from "./hsl-color-picker";
    5 |
  > 6 | describe("HslColorPicker", () => {
      | ^^^^^^^^
    7 |   test("renders correctly with default values", () => {
    8 |     render(<HslColorPicker />);
    9 |

ERROR in src/components/hsl-color-picker.test.tsx:7:3
TS2582: Cannot find name 'test'. Do you need to install type definitions for a test runner? Try `npm i --save-dev @types/jest` or `npm i --save-dev @types/mocha`.
     5 |
     6 | describe("HslColorPicker", () => {
  >  7 |   test("renders correctly with default values", () => {
       |   ^^^^
     8 |     render(<HslColorPicker />);
     9 |
    10 |     expect(screen.getByText("HSL Color Picker")).toBeInTheDocument();

ERROR in src/components/hsl-color-picker.test.tsx:10:5
TS2304: Cannot find name 'expect'.
     8 |     render(<HslColorPicker />);
     9 |
  > 10 |     expect(screen.getByText("HSL Color Picker")).toBeInTheDocument();
       |     ^^^^^^
    11 |
    12 |     const preview = screen.getByTestId("color-preview");
    13 |     expect(preview).toHaveStyle({ backgroundColor: "hsl(0, 100%, 50%)" });

ERROR in src/components/hsl-color-picker.test.tsx:13:5
TS2304: Cannot find name 'expect'.
    11 |
    12 |     const preview = screen.getByTestId("color-preview");
  > 13 |     expect(preview).toHaveStyle({ backgroundColor: "hsl(0, 100%, 50%)" });
       |     ^^^^^^
    14 |
    15 |     expect(screen.getByText("CSS Value:")).toBeInTheDocument();
    16 |     expect(screen.getByText("hsl(0, 100%, 50%)")).toBeInTheDocument();

ERROR in src/components/hsl-color-picker.test.tsx:15:5
TS2304: Cannot find name 'expect'.
    13 |     expect(preview).toHaveStyle({ backgroundColor: "hsl(0, 100%, 50%)" });
    14 |
  > 15 |     expect(screen.getByText("CSS Value:")).toBeInTheDocument();
       |     ^^^^^^
    16 |     expect(screen.getByText("hsl(0, 100%, 50%)")).toBeInTheDocument();
    17 |   });
    18 |

ERROR in src/components/hsl-color-picker.test.tsx:16:5
TS2304: Cannot find name 'expect'.
    14 |
    15 |     expect(screen.getByText("CSS Value:")).toBeInTheDocument();
  > 16 |     expect(screen.getByText("hsl(0, 100%, 50%)")).toBeInTheDocument();
       |     ^^^^^^
    17 |   });
    18 |
    19 |   test("updates color when hue changes", () => {

ERROR in src/components/hsl-color-picker.test.tsx:19:3
TS2582: Cannot find name 'test'. Do you need to install type definitions for a test runner? Try `npm i --save-dev @types/jest` or `npm i --save-dev @types/mocha`.
    17 |   });
    18 |
  > 19 |   test("updates color when hue changes", () => {
       |   ^^^^
    20 |     render(<HslColorPicker />);
    21 |
    22 |     const hueInput = screen.getByLabelText(/Hue/i);

ERROR in src/components/hsl-color-picker.test.tsx:26:5
TS2304: Cannot find name 'expect'.
    24 |
    25 |     const preview = screen.getByTestId("color-preview");
  > 26 |     expect(preview).toHaveStyle({ backgroundColor: "hsl(180, 100%, 50%)" });
       |     ^^^^^^
    27 |
    28 |     expect(screen.getByText("hsl(180, 100%, 50%)")).toBeInTheDocument();
    29 |   });

ERROR in src/components/hsl-color-picker.test.tsx:28:5
TS2304: Cannot find name 'expect'.
    26 |     expect(preview).toHaveStyle({ backgroundColor: "hsl(180, 100%, 50%)" });
    27 |
  > 28 |     expect(screen.getByText("hsl(180, 100%, 50%)")).toBeInTheDocument();
       |     ^^^^^^
    29 |   });
    30 |
    31 |   test("updates color when saturation changes", () => {

ERROR in src/components/hsl-color-picker.test.tsx:31:3
TS2582: Cannot find name 'test'. Do you need to install type definitions for a test runner? Try `npm i --save-dev @types/jest` or `npm i --save-dev @types/mocha`.
    29 |   });
    30 |
  > 31 |   test("updates color when saturation changes", () => {
       |   ^^^^
    32 |     render(<HslColorPicker />);
    33 |
    34 |     const satInput = screen.getByLabelText(/Saturation/i);

ERROR in src/components/hsl-color-picker.test.tsx:38:5
TS2304: Cannot find name 'expect'.
    36 |
    37 |     const preview = screen.getByTestId("color-preview");
  > 38 |     expect(preview).toHaveStyle({ backgroundColor: "hsl(0, 50%, 50%)" });
       |     ^^^^^^
    39 |
    40 |     expect(screen.getByText("hsl(0, 50%, 50%)")).toBeInTheDocument();
    41 |   });

ERROR in src/components/hsl-color-picker.test.tsx:40:5
TS2304: Cannot find name 'expect'.
    38 |     expect(preview).toHaveStyle({ backgroundColor: "hsl(0, 50%, 50%)" });
    39 |
  > 40 |     expect(screen.getByText("hsl(0, 50%, 50%)")).toBeInTheDocument();
       |     ^^^^^^
    41 |   });
    42 |
    43 |   test("updates color when lightness changes", () => {

ERROR in src/components/hsl-color-picker.test.tsx:43:3
TS2582: Cannot find name 'test'. Do you need to install type definitions for a test runner? Try `npm i --save-dev @types/jest` or `npm i --save-dev @types/mocha`.
    41 |   });
    42 |
  > 43 |   test("updates color when lightness changes", () => {
       |   ^^^^
    44 |     render(<HslColorPicker />);
    45 |
    46 |     const lightInput = screen.getByLabelText(/Lightness/i);

ERROR in src/components/hsl-color-picker.test.tsx:50:5
TS2304: Cannot find name 'expect'.
    48 |
    49 |     const preview = screen.getByTestId("color-preview");
  > 50 |     expect(preview).toHaveStyle({ backgroundColor: "hsl(0, 100%, 25%)" });
       |     ^^^^^^
    51 |
    52 |     expect(screen.getByText("hsl(0, 100%, 25%)")).toBeInTheDocument();
    53 |   });

ERROR in src/components/hsl-color-picker.test.tsx:52:5
TS2304: Cannot find name 'expect'.
    50 |     expect(preview).toHaveStyle({ backgroundColor: "hsl(0, 100%, 25%)" });
    51 |
  > 52 |     expect(screen.getByText("hsl(0, 100%, 25%)")).toBeInTheDocument();
       |     ^^^^^^
    53 |   });
    54 | });
    55 |

Compiling...
Compiled successfully!
webpack compiled successfully
ERROR in src/components/hsl-color-picker.test.tsx:6:1
TS2582: Cannot find name 'describe'. Do you need to install type definitions for a test runner? Try `npm i --save-dev @types/jest` or `npm i --save-dev @types/mocha`.
    4 | import HslColorPicker from "./hsl-color-picker";
    5 |
  > 6 | describe("HslColorPicker", () => {
      | ^^^^^^^^
    7 |   test("renders correctly with default values", () => {
    8 |     render(<HslColorPicker />);
    9 |

ERROR in src/components/hsl-color-picker.test.tsx:7:3
TS2582: Cannot find name 'test'. Do you need to install type definitions for a test runner? Try `npm i --save-dev @types/jest` or `npm i --save-dev @types/mocha`.
     5 |
     6 | describe("HslColorPicker", () => {
  >  7 |   test("renders correctly with default values", () => {
       |   ^^^^
     8 |     render(<HslColorPicker />);
     9 |
    10 |     expect(screen.getByText("HSL Color Picker")).toBeInTheDocument();

ERROR in src/components/hsl-color-picker.test.tsx:10:5
TS2304: Cannot find name 'expect'.
     8 |     render(<HslColorPicker />);
     9 |
  > 10 |     expect(screen.getByText("HSL Color Picker")).toBeInTheDocument();
       |     ^^^^^^
    11 |
    12 |     const preview = screen.getByTestId("color-preview");
    13 |     expect(preview).toHaveStyle({ backgroundColor: "hsl(0, 100%, 50%)" });

ERROR in src/components/hsl-color-picker.test.tsx:13:5
TS2304: Cannot find name 'expect'.
    11 |
    12 |     const preview = screen.getByTestId("color-preview");
  > 13 |     expect(preview).toHaveStyle({ backgroundColor: "hsl(0, 100%, 50%)" });
       |     ^^^^^^
    14 |
    15 |     expect(screen.getByText("CSS Value:")).toBeInTheDocument();
    16 |     expect(screen.getByText("hsl(0, 100%, 50%)")).toBeInTheDocument();

ERROR in src/components/hsl-color-picker.test.tsx:15:5
TS2304: Cannot find name 'expect'.
    13 |     expect(preview).toHaveStyle({ backgroundColor: "hsl(0, 100%, 50%)" });
    14 |
  > 15 |     expect(screen.getByText("CSS Value:")).toBeInTheDocument();
       |     ^^^^^^
    16 |     expect(screen.getByText("hsl(0, 100%, 50%)")).toBeInTheDocument();
    17 |   });
    18 |

ERROR in src/components/hsl-color-picker.test.tsx:16:5
TS2304: Cannot find name 'expect'.
    14 |
    15 |     expect(screen.getByText("CSS Value:")).toBeInTheDocument();
  > 16 |     expect(screen.getByText("hsl(0, 100%, 50%)")).toBeInTheDocument();
       |     ^^^^^^
    17 |   });
    18 |
    19 |   test("updates color when hue changes", () => {

ERROR in src/components/hsl-color-picker.test.tsx:19:3
TS2582: Cannot find name 'test'. Do you need to install type definitions for a test runner? Try `npm i --save-dev @types/jest` or `npm i --save-dev @types/mocha`.
    17 |   });
    18 |
  > 19 |   test("updates color when hue changes", () => {
       |   ^^^^
    20 |     render(<HslColorPicker />);
    21 |
    22 |     const hueInput = screen.getByLabelText(/Hue/i);

ERROR in src/components/hsl-color-picker.test.tsx:26:5
TS2304: Cannot find name 'expect'.
    24 |
    25 |     const preview = screen.getByTestId("color-preview");
  > 26 |     expect(preview).toHaveStyle({ backgroundColor: "hsl(180, 100%, 50%)" });
       |     ^^^^^^
    27 |
    28 |     expect(screen.getByText("hsl(180, 100%, 50%)")).toBeInTheDocument();
    29 |   });

ERROR in src/components/hsl-color-picker.test.tsx:28:5
TS2304: Cannot find name 'expect'.
    26 |     expect(preview).toHaveStyle({ backgroundColor: "hsl(180, 100%, 50%)" });
    27 |
  > 28 |     expect(screen.getByText("hsl(180, 100%, 50%)")).toBeInTheDocument();
       |     ^^^^^^
    29 |   });
    30 |
    31 |   test("updates color when saturation changes", () => {

ERROR in src/components/hsl-color-picker.test.tsx:31:3
TS2582: Cannot find name 'test'. Do you need to install type definitions for a test runner? Try `npm i --save-dev @types/jest` or `npm i --save-dev @types/mocha`.
    29 |   });
    30 |
  > 31 |   test("updates color when saturation changes", () => {
       |   ^^^^
    32 |     render(<HslColorPicker />);
    33 |
    34 |     const satInput = screen.getByLabelText(/Saturation/i);

ERROR in src/components/hsl-color-picker.test.tsx:38:5
TS2304: Cannot find name 'expect'.
    36 |
    37 |     const preview = screen.getByTestId("color-preview");
  > 38 |     expect(preview).toHaveStyle({ backgroundColor: "hsl(0, 50%, 50%)" });
       |     ^^^^^^
    39 |
    40 |     expect(screen.getByText("hsl(0, 50%, 50%)")).toBeInTheDocument();
    41 |   });

ERROR in src/components/hsl-color-picker.test.tsx:40:5
TS2304: Cannot find name 'expect'.
    38 |     expect(preview).toHaveStyle({ backgroundColor: "hsl(0, 50%, 50%)" });
    39 |
  > 40 |     expect(screen.getByText("hsl(0, 50%, 50%)")).toBeInTheDocument();
       |     ^^^^^^
    41 |   });
    42 |
    43 |   test("updates color when lightness changes", () => {

ERROR in src/components/hsl-color-picker.test.tsx:43:3
TS2582: Cannot find name 'test'. Do you need to install type definitions for a test runner? Try `npm i --save-dev @types/jest` or `npm i --save-dev @types/mocha`.
    41 |   });
    42 |
  > 43 |   test("updates color when lightness changes", () => {
       |   ^^^^
    44 |     render(<HslColorPicker />);
    45 |
    46 |     const lightInput = screen.getByLabelText(/Lightness/i);

ERROR in src/components/hsl-color-picker.test.tsx:50:5
TS2304: Cannot find name 'expect'.
    48 |
    49 |     const preview = screen.getByTestId("color-preview");
  > 50 |     expect(preview).toHaveStyle({ backgroundColor: "hsl(0, 100%, 25%)" });
       |     ^^^^^^
    51 |
    52 |     expect(screen.getByText("hsl(0, 100%, 25%)")).toBeInTheDocument();
    53 |   });

ERROR in src/components/hsl-color-picker.test.tsx:52:5
TS2304: Cannot find name 'expect'.
    50 |     expect(preview).toHaveStyle({ backgroundColor: "hsl(0, 100%, 25%)" });
    51 |
  > 52 |     expect(screen.getByText("hsl(0, 100%, 25%)")).toBeInTheDocument();
       |     ^^^^^^
    53 |   });
    54 | });
    55 |
